../Core/Src/main.c:145:6:TCP_Client_Init	2
../Core/Src/main.c:161:5:main	10
../Core/Src/main.c:296:6:SystemClock_Config	4
../Core/Src/main.c:347:13:MX_ADC2_Init	3
../Core/Src/main.c:407:13:MX_TIM2_Init	4
../Core/Src/main.c:452:13:MX_TIM3_Init	4
../Core/Src/main.c:495:13:MX_DMA_Init	1
../Core/Src/main.c:513:13:MX_GPIO_Init	1
../Core/Src/main.c:561:9:calculate_block0_crc	2
../Core/Src/main.c:570:9:calculate_shift_checksum	2
../Core/Src/main.c:579:6:flush_bulk_buffer	5
../Core/Src/main.c:595:6:add_to_bulk_buffer	2
../Core/Src/main.c:607:6:HAL_TIM_PeriodElapsedCallback	2
../Core/Src/main.c:615:6:HAL_ADC_ConvCpltCallback	2
../Core/Src/main.c:623:6:prepare_generic_header	1
../Core/Src/main.c:631:6:send_digital_record	1
../Core/Src/main.c:645:6:send_analog_record	1
../Core/Src/main.c:663:6:MPU_Config	1
../Core/Src/main.c:694:6:Error_Handler	1
